2025-12-30 21:59:43,380 - [INFO] - [INFO] [NEWS] Downloading Economic Calendar...
2025-12-30 21:59:45,055 - [INFO] - [INFO] [NEWS] Calendar Updated: Found 2 High-Impact USD Events.
2025-12-30 22:12:17,741 - [INFO] - [INFO] [NEWS] Downloading Economic Calendar...
2025-12-30 22:12:19,173 - [INFO] - [INFO] [NEWS] Calendar Updated: Found 2 High-Impact USD Events.
2025-12-30 22:25:28,988 - [INFO] - [INFO] [NEWS] Downloading Economic Calendar...
2025-12-30 22:25:30,287 - [INFO] - [INFO] [NEWS] Calendar Updated: Found 2 High-Impact USD Events.
2025-12-30 22:33:16,344 - [INFO] - [INFO] [NEWS] Downloading Economic Calendar...
2025-12-30 22:33:17,918 - [INFO] - [INFO] [NEWS] Calendar Updated: Found 2 High-Impact USD Events.
2025-12-30 22:41:55,860 - [INFO] - [INFO] [NEWS] Downloading Economic Calendar...
2025-12-30 22:41:57,038 - [INFO] - [INFO] [NEWS] Calendar Updated: Found 2 High-Impact USD Events.
2025-12-31 01:46:19,001 - [INFO] - [INFO] [NEWS] Downloading Economic Calendar...
2025-12-31 01:46:22,298 - [INFO] - [ERROR] [NEWS] Calendar Error: HTTPSConnectionPool(host='nfs.faireconomy.media', port=443): Max retries exceeded with url: /ff_calendar_thisweek.csv (Caused by NameResolutionError("HTTPSConnection(host='nfs.faireconomy.media', port=443): Failed to resolve 'nfs.faireconomy.media' ([Errno 11001] getaddrinfo failed)"))
2025-12-31 01:51:19,013 - [INFO] - [INFO] [NEWS] Downloading Economic Calendar...
2025-12-31 01:51:20,984 - [INFO] - [INFO] [NEWS] Calendar Updated: Found 2 High-Impact USD Events.
2025-12-31 01:55:40,589 - [INFO] - [INFO] [NEWS] Downloading Economic Calendar...
2025-12-31 01:55:42,513 - [INFO] - [INFO] [NEWS] Calendar Updated: Found 2 High-Impact USD Events.
2025-12-31 02:13:29,437 - [INFO] - [INFO] [NEWS] Downloading Economic Calendar...
2025-12-31 02:13:31,004 - [INFO] - [INFO] [NEWS] Calendar Updated: Found 2 High-Impact USD Events.
2025-12-31 02:22:23,547 - [INFO] - [INFO] [NEWS] Downloading Economic Calendar...
2025-12-31 02:22:25,671 - [INFO] - [INFO] [NEWS] Calendar Updated: Found 2 High-Impact USD Events.
2025-12-31 02:24:30,654 - [INFO] - [INFO] [NEWS] Downloading Economic Calendar...
2025-12-31 02:24:33,098 - [INFO] - [INFO] [NEWS] Calendar Updated: Found 2 High-Impact USD Events.
2025-12-31 02:25:57,482 - [INFO] - [INFO] [NEWS] Downloading Economic Calendar...
2025-12-31 02:25:58,534 - [INFO] - [INFO] [NEWS] Calendar Updated: Found 2 High-Impact USD Events.
2025-12-31 02:31:17,712 - [INFO] - [INFO] [NEWS] Downloading Economic Calendar...
2025-12-31 02:31:19,410 - [INFO] - [INFO] [NEWS] Calendar Updated: Found 2 High-Impact USD Events.
2025-12-31 02:34:59,217 - [INFO] - [INFO] [NEWS] Downloading Economic Calendar...
2025-12-31 02:35:00,692 - [INFO] - [INFO] [NEWS] Calendar Updated: Found 2 High-Impact USD Events.
2025-12-31 02:41:13,464 - [INFO] - [INFO] [NEWS] Downloading Economic Calendar...
2025-12-31 02:41:14,982 - [INFO] - [INFO] [NEWS] Calendar Updated: Found 2 High-Impact USD Events.
2025-12-31 02:45:03,183 - [INFO] - [INFO] [NEWS] Downloading Economic Calendar...
2025-12-31 02:45:04,328 - [INFO] - [INFO] [NEWS] Calendar Updated: Found 2 High-Impact USD Events.
2025-12-31 03:07:26,681 - [INFO] - [INFO] [NEWS] Downloading Economic Calendar...
2025-12-31 03:07:27,862 - [INFO] - [INFO] [NEWS] Calendar Updated: Found 2 High-Impact USD Events.
2025-12-31 03:17:20,681 - [INFO] - [INFO] [NEWS] Downloading Economic Calendar...
2025-12-31 03:17:22,684 - [INFO] - [INFO] [NEWS] Calendar Updated: Found 2 High-Impact USD Events.
2025-12-31 03:29:38,838 - [INFO] - [INFO] [NEWS] Downloading Economic Calendar...
2025-12-31 03:29:40,692 - [INFO] - [INFO] [NEWS] Calendar Updated: Found 2 High-Impact USD Events.
2025-12-31 03:31:18,149 - [INFO] - [INFO] [NEWS] Downloading Economic Calendar...
2025-12-31 03:31:20,518 - [INFO] - [INFO] [NEWS] Calendar Updated: Found 2 High-Impact USD Events.
2025-12-31 03:38:21,304 - [INFO] - [INFO] [NEWS] Downloading Economic Calendar...
2025-12-31 03:38:23,252 - [INFO] - [INFO] [NEWS] Calendar Updated: Found 2 High-Impact USD Events.
2025-12-31 03:45:01,081 - [INFO] - [INFO] [NEWS] Downloading Economic Calendar...
2025-12-31 03:45:02,283 - [INFO] - [INFO] [NEWS] Calendar Updated: Found 2 High-Impact USD Events.
2025-12-31 03:52:41,469 - [INFO] - [INFO] [NEWS] Downloading Economic Calendar...
2025-12-31 03:52:44,052 - [INFO] - [INFO] [NEWS] Calendar Updated: Found 2 High-Impact USD Events.
2025-12-31 04:01:29,878 - [INFO] - [INFO] [NEWS] Downloading Economic Calendar...
2025-12-31 04:01:31,023 - [INFO] - [INFO] [NEWS] Calendar Updated: Found 2 High-Impact USD Events.
2025-12-31 04:16:26,147 - [INFO] - [INFO] [NEWS] Downloading Economic Calendar...
2025-12-31 04:16:29,651 - [INFO] - [INFO] [NEWS] Calendar Updated: Found 2 High-Impact USD Events.
2025-12-31 04:27:22,382 - [INFO] - [INFO] [NEWS] Downloading Economic Calendar...
2025-12-31 04:27:23,819 - [INFO] - [INFO] [NEWS] Calendar Updated: Found 2 High-Impact USD Events.
2025-12-31 05:27:22,395 - [INFO] - [INFO] [NEWS] Downloading Economic Calendar...
2025-12-31 05:27:23,472 - [INFO] - [INFO] [NEWS] Calendar Updated: Found 2 High-Impact USD Events.
2025-12-31 06:27:24,394 - [INFO] - [INFO] [NEWS] Downloading Economic Calendar...
2025-12-31 06:27:25,477 - [INFO] - [INFO] [NEWS] Calendar Updated: Found 2 High-Impact USD Events.
2025-12-31 07:27:26,108 - [INFO] - [INFO] [NEWS] Downloading Economic Calendar...
2025-12-31 07:27:27,330 - [INFO] - [INFO] [NEWS] Calendar Updated: Found 2 High-Impact USD Events.
2025-12-31 08:27:26,469 - [INFO] - [INFO] [NEWS] Downloading Economic Calendar...
2025-12-31 08:27:27,794 - [INFO] - [INFO] [NEWS] Calendar Updated: Found 2 High-Impact USD Events.
2025-12-31 09:33:52,779 - [INFO] - [INFO] [NEWS] Downloading Economic Calendar...
2025-12-31 09:33:54,261 - [INFO] - [INFO] [NEWS] Calendar Updated: Found 2 High-Impact USD Events.
2025-12-31 09:42:54,023 - [INFO] - [INFO] [NEWS] Downloading Economic Calendar...
2025-12-31 09:42:55,833 - [INFO] - [INFO] [NEWS] Calendar Updated: Found 2 High-Impact USD Events.
2025-12-31 10:08:15,057 - [INFO] - [INFO] [NEWS] Downloading Economic Calendar...
2025-12-31 10:08:16,271 - [INFO] - [INFO] [NEWS] Calendar Updated: Found 2 High-Impact USD Events.
2025-12-31 10:09:05,101 - [INFO] - [INFO] [NEWS] Downloading Economic Calendar...
2025-12-31 10:09:05,988 - [INFO] - [INFO] [NEWS] Calendar Updated: Found 2 High-Impact USD Events.
2025-12-31 10:24:57,476 - [INFO] - [RISK] [AUTO] Killed #1384195359: Loss $-1011.00
2025-12-31 10:32:08,547 - [INFO] - [INFO] [NEWS] Downloading Economic Calendar...
2025-12-31 10:32:09,757 - [INFO] - [INFO] [NEWS] Calendar Updated: Found 2 High-Impact USD Events.
2025-12-31 11:32:10,705 - [INFO] - [INFO] [NEWS] Downloading Economic Calendar...
2025-12-31 11:32:12,083 - [INFO] - [INFO] [NEWS] Calendar Updated: Found 2 High-Impact USD Events.
2025-12-31 12:32:12,494 - [INFO] - [INFO] [NEWS] Downloading Economic Calendar...
2025-12-31 12:32:14,139 - [INFO] - [INFO] [NEWS] Calendar Updated: Found 2 High-Impact USD Events.
2025-12-31 13:32:13,056 - [INFO] - [INFO] [NEWS] Downloading Economic Calendar...
2025-12-31 13:32:14,815 - [INFO] - [INFO] [NEWS] Calendar Updated: Found 2 High-Impact USD Events.
2025-12-31 14:32:13,988 - [INFO] - [INFO] [NEWS] Downloading Economic Calendar...
2025-12-31 14:32:16,091 - [INFO] - [INFO] [NEWS] Calendar Updated: Found 2 High-Impact USD Events.
2025-12-31 15:32:16,101 - [INFO] - [INFO] [NEWS] Downloading Economic Calendar...
2025-12-31 15:32:17,944 - [INFO] - [INFO] [NEWS] Calendar Updated: Found 2 High-Impact USD Events.
2025-12-31 16:04:33,020 - [INFO] - [INFO] [NEWS] Downloading Economic Calendar...
2025-12-31 16:04:36,093 - [INFO] - [INFO] [NEWS] Calendar Updated: Found 2 High-Impact USD Events.
2025-12-31 16:16:46,759 - [INFO] - [INFO] [NEWS] Downloading Economic Calendar...
2025-12-31 16:16:49,386 - [INFO] - [INFO] [NEWS] Calendar Updated: Found 2 High-Impact USD Events.
2025-12-31 17:16:46,980 - [INFO] - [INFO] [NEWS] Downloading Economic Calendar...
2025-12-31 17:16:58,466 - [INFO] - [ERROR] [NEWS] Calendar Error: HTTPSConnectionPool(host='nfs.faireconomy.media', port=443): Max retries exceeded with url: /ff_calendar_thisweek.csv (Caused by NameResolutionError("HTTPSConnection(host='nfs.faireconomy.media', port=443): Failed to resolve 'nfs.faireconomy.media' ([Errno 11001] getaddrinfo failed)"))
2025-12-31 17:21:47,115 - [INFO] - [INFO] [NEWS] Downloading Economic Calendar...
2025-12-31 17:21:48,713 - [INFO] - [INFO] [NEWS] Calendar Updated: Found 2 High-Impact USD Events.
2025-12-31 17:44:49,031 - [INFO] - [INFO] [NEWS] Downloading Economic Calendar...
2025-12-31 17:44:50,164 - [INFO] - [INFO] [NEWS] Calendar Updated: Found 2 High-Impact USD Events.
2025-12-31 17:55:47,814 - [INFO] - [INFO] [NEWS] Downloading Economic Calendar...
2025-12-31 17:55:48,965 - [INFO] - [INFO] [NEWS] Calendar Updated: Found 2 High-Impact USD Events.
2025-12-31 18:00:57,743 - [INFO] - [INFO] [NEWS] Downloading Economic Calendar...
2025-12-31 18:00:59,427 - [INFO] - [INFO] [NEWS] Calendar Updated: Found 2 High-Impact USD Events.
2025-12-31 18:26:39,240 - [INFO] - [INFO] [NEWS] Downloading Economic Calendar...
2025-12-31 18:26:41,125 - [INFO] - [INFO] [NEWS] Calendar Updated: Found 2 High-Impact USD Events.
2025-12-31 18:36:51,890 - [INFO] - [INFO] [NEWS] Downloading Economic Calendar...
2025-12-31 18:36:53,750 - [INFO] - [INFO] [NEWS] Calendar Updated: Found 2 High-Impact USD Events.
2025-12-31 18:52:28,913 - [INFO] - [INFO] [NEWS] Downloading Economic Calendar...
2025-12-31 18:52:30,379 - [INFO] - [INFO] [NEWS] Calendar Updated: Found 2 High-Impact USD Events.
2025-12-31 19:08:17,060 - [INFO] - [INFO] [NEWS] Downloading Economic Calendar...
2025-12-31 19:08:18,227 - [INFO] - [INFO] [NEWS] Calendar Updated: Found 2 High-Impact USD Events.
2025-12-31 19:19:21,373 - [INFO] - [INFO] [NEWS] Downloading Economic Calendar...
2025-12-31 19:19:22,597 - [INFO] - [INFO] [NEWS] Calendar Updated: Found 2 High-Impact USD Events.
2025-12-31 19:45:12,039 - [INFO] - [INFO] [NEWS] Downloading Economic Calendar...
2025-12-31 19:45:19,503 - [INFO] - [INFO] [NEWS] Calendar Updated: Found 2 High-Impact USD Events.
2025-12-31 19:52:20,719 - [INFO] - [INFO] [NEWS] Downloading Economic Calendar...
2025-12-31 19:52:22,512 - [INFO] - [INFO] [NEWS] Calendar Updated: Found 2 High-Impact USD Events.
2025-12-31 20:20:40,992 - [INFO] - [INFO] [NEWS] Downloading Economic Calendar...
2025-12-31 20:20:42,192 - [INFO] - [INFO] [NEWS] Calendar Updated: Found 2 High-Impact USD Events.
2025-12-31 20:23:35,918 - [INFO] - [INFO] [NEWS] Downloading Economic Calendar...
2025-12-31 20:23:38,091 - [INFO] - [INFO] [NEWS] Calendar Updated: Found 2 High-Impact USD Events.
2025-12-31 20:24:36,802 - [INFO] - [INFO] [NEWS] Downloading Economic Calendar...
2025-12-31 20:24:37,749 - [INFO] - [WARN] [NEWS] Calendar Download Failed (Status: 429)
2025-12-31 20:29:37,902 - [INFO] - [INFO] [NEWS] Downloading Economic Calendar...
2025-12-31 20:29:39,452 - [INFO] - [INFO] [NEWS] Calendar Updated: Found 2 High-Impact USD Events.
2025-12-31 20:32:13,399 - [INFO] - [INFO] [NEWS] Downloading Economic Calendar...
2025-12-31 20:32:19,773 - [INFO] - [INFO] [NEWS] Calendar Updated: Found 2 High-Impact USD Events.
2025-12-31 20:48:28,047 - [INFO] - [INFO] [NEWS] Downloading Economic Calendar...
2025-12-31 20:48:30,223 - [INFO] - [INFO] [NEWS] Calendar Updated: Found 2 High-Impact USD Events.
2025-12-31 21:48:29,524 - [INFO] - [INFO] [NEWS] Downloading Economic Calendar...
2025-12-31 21:48:31,453 - [INFO] - [INFO] [NEWS] Calendar Updated: Found 2 High-Impact USD Events.
2025-12-31 22:13:26,400 - [INFO] - [INFO] [NEWS] Downloading Economic Calendar...
2025-12-31 22:13:27,873 - [INFO] - [INFO] [NEWS] Calendar Updated: Found 2 High-Impact USD Events.
2025-12-31 22:23:53,302 - [INFO] - [INFO] [NEWS] Downloading Economic Calendar...
2025-12-31 22:24:16,069 - [INFO] - [ERROR] [NEWS] Calendar Error: HTTPSConnectionPool(host='nfs.faireconomy.media', port=443): Read timed out. (read timeout=10)
2025-12-31 22:28:55,785 - [INFO] - [INFO] [NEWS] Downloading Economic Calendar...
2025-12-31 22:28:57,610 - [INFO] - [INFO] [NEWS] Calendar Updated: Found 2 High-Impact USD Events.
2025-12-31 22:31:50,915 - [INFO] - [INFO] [NEWS] Downloading Economic Calendar...
2025-12-31 22:31:58,552 - [INFO] - [INFO] [NEWS] Calendar Updated: Found 2 High-Impact USD Events.
2025-12-31 22:46:46,781 - [INFO] - [CRITICAL] [CORE] PANIC TRIGGERED
2025-12-31 23:04:56,628 - [INFO] - [INFO] [NEWS] Downloading Economic Calendar...
2025-12-31 23:04:58,466 - [INFO] - [INFO] [NEWS] Calendar Updated: Found 2 High-Impact USD Events.
2025-12-31 23:47:34,628 - [INFO] - [INFO] [NEWS] Downloading Economic Calendar...
2025-12-31 23:47:36,876 - [INFO] - [INFO] [NEWS] Calendar Updated: Found 2 High-Impact USD Events.
2026-01-01 00:25:53,551 - [INFO] - [INFO] [NEWS] Downloading Economic Calendar...
2026-01-01 00:25:54,726 - [INFO] - [INFO] [NEWS] Calendar Updated: Found 2 High-Impact USD Events.
2026-01-01 00:46:03,010 - [INFO] - [INFO] [NEWS] Downloading Economic Calendar...
2026-01-01 00:46:04,114 - [INFO] - [INFO] [NEWS] Calendar Updated: Found 2 High-Impact USD Events.
2026-01-01 01:03:01,358 - [INFO] - [INFO] [NEWS] Downloading Economic Calendar...
2026-01-01 01:03:02,792 - [INFO] - [INFO] [NEWS] Calendar Updated: Found 2 High-Impact USD Events.
2026-01-01 02:02:30,066 - [INFO] - [INFO] [NEWS] Downloading Economic Calendar...
2026-01-01 02:02:31,610 - [INFO] - [INFO] [NEWS] Calendar Updated: Found 2 High-Impact USD Events.
2026-01-01 02:29:45,057 - [INFO] - [INFO] [NEWS] Downloading Economic Calendar...
2026-01-01 02:29:46,325 - [INFO] - [INFO] [NEWS] Calendar Updated: Found 2 High-Impact USD Events.
2026-01-01 02:33:04,718 - [INFO] - [INFO] [NEWS] Downloading Economic Calendar...
2026-01-01 02:33:05,733 - [INFO] - [INFO] [NEWS] Calendar Updated: Found 2 High-Impact USD Events.
2026-01-01 02:34:27,900 - [INFO] - [INFO] [NEWS] Downloading Economic Calendar...
2026-01-01 02:34:29,024 - [INFO] - [INFO] [NEWS] Calendar Updated: Found 2 High-Impact USD Events.
2026-01-01 03:34:29,594 - [INFO] - [INFO] [NEWS] Downloading Economic Calendar...
2026-01-01 03:34:30,805 - [INFO] - [INFO] [NEWS] Calendar Updated: Found 2 High-Impact USD Events.
2026-01-01 04:07:51,216 - [INFO] - [RISK] [AUTO] Killed #1386515590: Loss $-1107.48
2026-01-01 04:34:32,837 - [INFO] - [INFO] [NEWS] Downloading Economic Calendar...
2026-01-01 04:34:34,810 - [INFO] - [INFO] [NEWS] Calendar Updated: Found 2 High-Impact USD Events.
2026-01-01 05:19:23,167 - [INFO] - [RISK] [AUTO] Killed #1386539608: Loss $-975.28
2026-01-01 05:34:36,580 - [INFO] - [INFO] [NEWS] Downloading Economic Calendar...
2026-01-01 05:34:38,389 - [INFO] - [INFO] [NEWS] Calendar Updated: Found 2 High-Impact USD Events.
2026-01-01 06:34:36,751 - [INFO] - [INFO] [NEWS] Downloading Economic Calendar...
2026-01-01 06:34:37,980 - [INFO] - [INFO] [NEWS] Calendar Updated: Found 2 High-Impact USD Events.
2026-01-01 07:34:36,756 - [INFO] - [INFO] [NEWS] Downloading Economic Calendar...
2026-01-01 07:34:36,981 - [INFO] - [ERROR] [NEWS] Calendar Error: HTTPSConnectionPool(host='nfs.faireconomy.media', port=443): Max retries exceeded with url: /ff_calendar_thisweek.csv (Caused by NameResolutionError("HTTPSConnection(host='nfs.faireconomy.media', port=443): Failed to resolve 'nfs.faireconomy.media' ([Errno 11001] getaddrinfo failed)"))
2026-01-01 07:39:36,763 - [INFO] - [INFO] [NEWS] Downloading Economic Calendar...
2026-01-01 07:39:36,931 - [INFO] - [ERROR] [NEWS] Calendar Error: HTTPSConnectionPool(host='nfs.faireconomy.media', port=443): Max retries exceeded with url: /ff_calendar_thisweek.csv (Caused by NameResolutionError("HTTPSConnection(host='nfs.faireconomy.media', port=443): Failed to resolve 'nfs.faireconomy.media' ([Errno 11001] getaddrinfo failed)"))
2026-01-01 07:44:36,778 - [INFO] - [INFO] [NEWS] Downloading Economic Calendar...
2026-01-01 07:44:36,923 - [INFO] - [ERROR] [NEWS] Calendar Error: HTTPSConnectionPool(host='nfs.faireconomy.media', port=443): Max retries exceeded with url: /ff_calendar_thisweek.csv (Caused by NameResolutionError("HTTPSConnection(host='nfs.faireconomy.media', port=443): Failed to resolve 'nfs.faireconomy.media' ([Errno 11001] getaddrinfo failed)"))
2026-01-01 07:49:36,790 - [INFO] - [INFO] [NEWS] Downloading Economic Calendar...
2026-01-01 07:49:36,905 - [INFO] - [ERROR] [NEWS] Calendar Error: HTTPSConnectionPool(host='nfs.faireconomy.media', port=443): Max retries exceeded with url: /ff_calendar_thisweek.csv (Caused by NameResolutionError("HTTPSConnection(host='nfs.faireconomy.media', port=443): Failed to resolve 'nfs.faireconomy.media' ([Errno 11001] getaddrinfo failed)"))
2026-01-01 07:54:36,792 - [INFO] - [INFO] [NEWS] Downloading Economic Calendar...
2026-01-01 07:54:36,927 - [INFO] - [ERROR] [NEWS] Calendar Error: HTTPSConnectionPool(host='nfs.faireconomy.media', port=443): Max retries exceeded with url: /ff_calendar_thisweek.csv (Caused by NameResolutionError("HTTPSConnection(host='nfs.faireconomy.media', port=443): Failed to resolve 'nfs.faireconomy.media' ([Errno 11001] getaddrinfo failed)"))
2026-01-01 07:59:36,795 - [INFO] - [INFO] [NEWS] Downloading Economic Calendar...
2026-01-01 07:59:36,937 - [INFO] - [ERROR] [NEWS] Calendar Error: HTTPSConnectionPool(host='nfs.faireconomy.media', port=443): Max retries exceeded with url: /ff_calendar_thisweek.csv (Caused by NameResolutionError("HTTPSConnection(host='nfs.faireconomy.media', port=443): Failed to resolve 'nfs.faireconomy.media' ([Errno 11001] getaddrinfo failed)"))
2026-01-01 08:04:36,805 - [INFO] - [INFO] [NEWS] Downloading Economic Calendar...
2026-01-01 08:04:37,051 - [INFO] - [ERROR] [NEWS] Calendar Error: HTTPSConnectionPool(host='nfs.faireconomy.media', port=443): Max retries exceeded with url: /ff_calendar_thisweek.csv (Caused by NameResolutionError("HTTPSConnection(host='nfs.faireconomy.media', port=443): Failed to resolve 'nfs.faireconomy.media' ([Errno 11001] getaddrinfo failed)"))
2026-01-01 08:09:36,816 - [INFO] - [INFO] [NEWS] Downloading Economic Calendar...
2026-01-01 08:09:37,048 - [INFO] - [ERROR] [NEWS] Calendar Error: HTTPSConnectionPool(host='nfs.faireconomy.media', port=443): Max retries exceeded with url: /ff_calendar_thisweek.csv (Caused by NameResolutionError("HTTPSConnection(host='nfs.faireconomy.media', port=443): Failed to resolve 'nfs.faireconomy.media' ([Errno 11001] getaddrinfo failed)"))
2026-01-01 08:14:36,826 - [INFO] - [INFO] [NEWS] Downloading Economic Calendar...
2026-01-01 08:14:37,024 - [INFO] - [ERROR] [NEWS] Calendar Error: HTTPSConnectionPool(host='nfs.faireconomy.media', port=443): Max retries exceeded with url: /ff_calendar_thisweek.csv (Caused by NameResolutionError("HTTPSConnection(host='nfs.faireconomy.media', port=443): Failed to resolve 'nfs.faireconomy.media' ([Errno 11001] getaddrinfo failed)"))
2026-01-01 08:19:36,836 - [INFO] - [INFO] [NEWS] Downloading Economic Calendar...
2026-01-01 08:19:37,094 - [INFO] - [ERROR] [NEWS] Calendar Error: HTTPSConnectionPool(host='nfs.faireconomy.media', port=443): Max retries exceeded with url: /ff_calendar_thisweek.csv (Caused by NameResolutionError("HTTPSConnection(host='nfs.faireconomy.media', port=443): Failed to resolve 'nfs.faireconomy.media' ([Errno 11001] getaddrinfo failed)"))
2026-01-01 08:24:36,849 - [INFO] - [INFO] [NEWS] Downloading Economic Calendar...
2026-01-01 08:24:37,010 - [INFO] - [ERROR] [NEWS] Calendar Error: HTTPSConnectionPool(host='nfs.faireconomy.media', port=443): Max retries exceeded with url: /ff_calendar_thisweek.csv (Caused by NameResolutionError("HTTPSConnection(host='nfs.faireconomy.media', port=443): Failed to resolve 'nfs.faireconomy.media' ([Errno 11001] getaddrinfo failed)"))
2026-01-01 08:29:36,859 - [INFO] - [INFO] [NEWS] Downloading Economic Calendar...
2026-01-01 08:29:37,178 - [INFO] - [ERROR] [NEWS] Calendar Error: HTTPSConnectionPool(host='nfs.faireconomy.media', port=443): Max retries exceeded with url: /ff_calendar_thisweek.csv (Caused by NameResolutionError("HTTPSConnection(host='nfs.faireconomy.media', port=443): Failed to resolve 'nfs.faireconomy.media' ([Errno 11001] getaddrinfo failed)"))
2026-01-01 08:34:36,868 - [INFO] - [INFO] [NEWS] Downloading Economic Calendar...
2026-01-01 08:34:37,114 - [INFO] - [ERROR] [NEWS] Calendar Error: HTTPSConnectionPool(host='nfs.faireconomy.media', port=443): Max retries exceeded with url: /ff_calendar_thisweek.csv (Caused by NameResolutionError("HTTPSConnection(host='nfs.faireconomy.media', port=443): Failed to resolve 'nfs.faireconomy.media' ([Errno 11001] getaddrinfo failed)"))
2026-01-01 08:39:36,881 - [INFO] - [INFO] [NEWS] Downloading Economic Calendar...
2026-01-01 08:39:37,121 - [INFO] - [ERROR] [NEWS] Calendar Error: HTTPSConnectionPool(host='nfs.faireconomy.media', port=443): Max retries exceeded with url: /ff_calendar_thisweek.csv (Caused by NameResolutionError("HTTPSConnection(host='nfs.faireconomy.media', port=443): Failed to resolve 'nfs.faireconomy.media' ([Errno 11001] getaddrinfo failed)"))
2026-01-01 08:44:36,891 - [INFO] - [INFO] [NEWS] Downloading Economic Calendar...
2026-01-01 08:44:37,030 - [INFO] - [ERROR] [NEWS] Calendar Error: HTTPSConnectionPool(host='nfs.faireconomy.media', port=443): Max retries exceeded with url: /ff_calendar_thisweek.csv (Caused by NameResolutionError("HTTPSConnection(host='nfs.faireconomy.media', port=443): Failed to resolve 'nfs.faireconomy.media' ([Errno 11001] getaddrinfo failed)"))
2026-01-01 08:49:36,900 - [INFO] - [INFO] [NEWS] Downloading Economic Calendar...
2026-01-01 08:49:36,998 - [INFO] - [ERROR] [NEWS] Calendar Error: HTTPSConnectionPool(host='nfs.faireconomy.media', port=443): Max retries exceeded with url: /ff_calendar_thisweek.csv (Caused by NameResolutionError("HTTPSConnection(host='nfs.faireconomy.media', port=443): Failed to resolve 'nfs.faireconomy.media' ([Errno 11001] getaddrinfo failed)"))
2026-01-01 08:54:36,912 - [INFO] - [INFO] [NEWS] Downloading Economic Calendar...
2026-01-01 08:54:37,345 - [INFO] - [ERROR] [NEWS] Calendar Error: HTTPSConnectionPool(host='nfs.faireconomy.media', port=443): Max retries exceeded with url: /ff_calendar_thisweek.csv (Caused by NameResolutionError("HTTPSConnection(host='nfs.faireconomy.media', port=443): Failed to resolve 'nfs.faireconomy.media' ([Errno 11001] getaddrinfo failed)"))
2026-01-01 08:59:36,925 - [INFO] - [INFO] [NEWS] Downloading Economic Calendar...
2026-01-01 08:59:37,125 - [INFO] - [ERROR] [NEWS] Calendar Error: HTTPSConnectionPool(host='nfs.faireconomy.media', port=443): Max retries exceeded with url: /ff_calendar_thisweek.csv (Caused by NameResolutionError("HTTPSConnection(host='nfs.faireconomy.media', port=443): Failed to resolve 'nfs.faireconomy.media' ([Errno 11001] getaddrinfo failed)"))
2026-01-01 09:04:36,936 - [INFO] - [INFO] [NEWS] Downloading Economic Calendar...
2026-01-01 09:04:37,146 - [INFO] - [ERROR] [NEWS] Calendar Error: HTTPSConnectionPool(host='nfs.faireconomy.media', port=443): Max retries exceeded with url: /ff_calendar_thisweek.csv (Caused by NameResolutionError("HTTPSConnection(host='nfs.faireconomy.media', port=443): Failed to resolve 'nfs.faireconomy.media' ([Errno 11001] getaddrinfo failed)"))
2026-01-01 09:09:36,945 - [INFO] - [INFO] [NEWS] Downloading Economic Calendar...
2026-01-01 09:09:37,062 - [INFO] - [ERROR] [NEWS] Calendar Error: HTTPSConnectionPool(host='nfs.faireconomy.media', port=443): Max retries exceeded with url: /ff_calendar_thisweek.csv (Caused by NameResolutionError("HTTPSConnection(host='nfs.faireconomy.media', port=443): Failed to resolve 'nfs.faireconomy.media' ([Errno 11001] getaddrinfo failed)"))
2026-01-01 09:14:36,957 - [INFO] - [INFO] [NEWS] Downloading Economic Calendar...
2026-01-01 09:14:37,113 - [INFO] - [ERROR] [NEWS] Calendar Error: HTTPSConnectionPool(host='nfs.faireconomy.media', port=443): Max retries exceeded with url: /ff_calendar_thisweek.csv (Caused by NameResolutionError("HTTPSConnection(host='nfs.faireconomy.media', port=443): Failed to resolve 'nfs.faireconomy.media' ([Errno 11001] getaddrinfo failed)"))
2026-01-01 09:19:36,967 - [INFO] - [INFO] [NEWS] Downloading Economic Calendar...
2026-01-01 09:19:37,084 - [INFO] - [ERROR] [NEWS] Calendar Error: HTTPSConnectionPool(host='nfs.faireconomy.media', port=443): Max retries exceeded with url: /ff_calendar_thisweek.csv (Caused by NameResolutionError("HTTPSConnection(host='nfs.faireconomy.media', port=443): Failed to resolve 'nfs.faireconomy.media' ([Errno 11001] getaddrinfo failed)"))
2026-01-01 09:24:36,976 - [INFO] - [INFO] [NEWS] Downloading Economic Calendar...
2026-01-01 09:24:37,142 - [INFO] - [ERROR] [NEWS] Calendar Error: HTTPSConnectionPool(host='nfs.faireconomy.media', port=443): Max retries exceeded with url: /ff_calendar_thisweek.csv (Caused by NameResolutionError("HTTPSConnection(host='nfs.faireconomy.media', port=443): Failed to resolve 'nfs.faireconomy.media' ([Errno 11001] getaddrinfo failed)"))
2026-01-01 09:29:36,985 - [INFO] - [INFO] [NEWS] Downloading Economic Calendar...
2026-01-01 09:29:37,207 - [INFO] - [ERROR] [NEWS] Calendar Error: HTTPSConnectionPool(host='nfs.faireconomy.media', port=443): Max retries exceeded with url: /ff_calendar_thisweek.csv (Caused by NameResolutionError("HTTPSConnection(host='nfs.faireconomy.media', port=443): Failed to resolve 'nfs.faireconomy.media' ([Errno 11001] getaddrinfo failed)"))
2026-01-01 09:34:36,998 - [INFO] - [INFO] [NEWS] Downloading Economic Calendar...
2026-01-01 09:34:37,124 - [INFO] - [ERROR] [NEWS] Calendar Error: HTTPSConnectionPool(host='nfs.faireconomy.media', port=443): Max retries exceeded with url: /ff_calendar_thisweek.csv (Caused by NameResolutionError("HTTPSConnection(host='nfs.faireconomy.media', port=443): Failed to resolve 'nfs.faireconomy.media' ([Errno 11001] getaddrinfo failed)"))
2026-01-01 09:39:37,010 - [INFO] - [INFO] [NEWS] Downloading Economic Calendar...
2026-01-01 09:39:37,217 - [INFO] - [ERROR] [NEWS] Calendar Error: HTTPSConnectionPool(host='nfs.faireconomy.media', port=443): Max retries exceeded with url: /ff_calendar_thisweek.csv (Caused by NameResolutionError("HTTPSConnection(host='nfs.faireconomy.media', port=443): Failed to resolve 'nfs.faireconomy.media' ([Errno 11001] getaddrinfo failed)"))
2026-01-01 09:44:37,020 - [INFO] - [INFO] [NEWS] Downloading Economic Calendar...
2026-01-01 09:44:37,242 - [INFO] - [ERROR] [NEWS] Calendar Error: HTTPSConnectionPool(host='nfs.faireconomy.media', port=443): Max retries exceeded with url: /ff_calendar_thisweek.csv (Caused by NameResolutionError("HTTPSConnection(host='nfs.faireconomy.media', port=443): Failed to resolve 'nfs.faireconomy.media' ([Errno 11001] getaddrinfo failed)"))
2026-01-01 09:49:37,032 - [INFO] - [INFO] [NEWS] Downloading Economic Calendar...
2026-01-01 09:49:37,230 - [INFO] - [ERROR] [NEWS] Calendar Error: HTTPSConnectionPool(host='nfs.faireconomy.media', port=443): Max retries exceeded with url: /ff_calendar_thisweek.csv (Caused by NameResolutionError("HTTPSConnection(host='nfs.faireconomy.media', port=443): Failed to resolve 'nfs.faireconomy.media' ([Errno 11001] getaddrinfo failed)"))
2026-01-01 09:54:37,043 - [INFO] - [INFO] [NEWS] Downloading Economic Calendar...
2026-01-01 09:54:37,188 - [INFO] - [ERROR] [NEWS] Calendar Error: HTTPSConnectionPool(host='nfs.faireconomy.media', port=443): Max retries exceeded with url: /ff_calendar_thisweek.csv (Caused by NameResolutionError("HTTPSConnection(host='nfs.faireconomy.media', port=443): Failed to resolve 'nfs.faireconomy.media' ([Errno 11001] getaddrinfo failed)"))
2026-01-01 09:59:37,055 - [INFO] - [INFO] [NEWS] Downloading Economic Calendar...
2026-01-01 09:59:37,182 - [INFO] - [ERROR] [NEWS] Calendar Error: HTTPSConnectionPool(host='nfs.faireconomy.media', port=443): Max retries exceeded with url: /ff_calendar_thisweek.csv (Caused by NameResolutionError("HTTPSConnection(host='nfs.faireconomy.media', port=443): Failed to resolve 'nfs.faireconomy.media' ([Errno 11001] getaddrinfo failed)"))
2026-01-01 10:04:37,064 - [INFO] - [INFO] [NEWS] Downloading Economic Calendar...
2026-01-01 10:04:37,254 - [INFO] - [ERROR] [NEWS] Calendar Error: HTTPSConnectionPool(host='nfs.faireconomy.media', port=443): Max retries exceeded with url: /ff_calendar_thisweek.csv (Caused by NameResolutionError("HTTPSConnection(host='nfs.faireconomy.media', port=443): Failed to resolve 'nfs.faireconomy.media' ([Errno 11001] getaddrinfo failed)"))
2026-01-01 10:09:37,077 - [INFO] - [INFO] [NEWS] Downloading Economic Calendar...
2026-01-01 10:09:37,226 - [INFO] - [ERROR] [NEWS] Calendar Error: HTTPSConnectionPool(host='nfs.faireconomy.media', port=443): Max retries exceeded with url: /ff_calendar_thisweek.csv (Caused by NameResolutionError("HTTPSConnection(host='nfs.faireconomy.media', port=443): Failed to resolve 'nfs.faireconomy.media' ([Errno 11001] getaddrinfo failed)"))
2026-01-01 10:14:37,087 - [INFO] - [INFO] [NEWS] Downloading Economic Calendar...
2026-01-01 10:14:37,252 - [INFO] - [ERROR] [NEWS] Calendar Error: HTTPSConnectionPool(host='nfs.faireconomy.media', port=443): Max retries exceeded with url: /ff_calendar_thisweek.csv (Caused by NameResolutionError("HTTPSConnection(host='nfs.faireconomy.media', port=443): Failed to resolve 'nfs.faireconomy.media' ([Errno 11001] getaddrinfo failed)"))
2026-01-01 10:19:37,098 - [INFO] - [INFO] [NEWS] Downloading Economic Calendar...
2026-01-01 10:19:37,253 - [INFO] - [ERROR] [NEWS] Calendar Error: HTTPSConnectionPool(host='nfs.faireconomy.media', port=443): Max retries exceeded with url: /ff_calendar_thisweek.csv (Caused by NameResolutionError("HTTPSConnection(host='nfs.faireconomy.media', port=443): Failed to resolve 'nfs.faireconomy.media' ([Errno 11001] getaddrinfo failed)"))
2026-01-01 10:24:40,609 - [INFO] - [INFO] [NEWS] Downloading Economic Calendar...
2026-01-01 10:24:41,748 - [INFO] - [INFO] [NEWS] Calendar Updated: Found 2 High-Impact USD Events.
2026-01-01 11:25:26,531 - [INFO] - [INFO] [NEWS] Downloading Economic Calendar...
2026-01-01 11:25:41,965 - [INFO] - [ERROR] [NEWS] Calendar Error: HTTPSConnectionPool(host='nfs.faireconomy.media', port=443): Max retries exceeded with url: /ff_calendar_thisweek.csv (Caused by NameResolutionError("HTTPSConnection(host='nfs.faireconomy.media', port=443): Failed to resolve 'nfs.faireconomy.media' ([Errno 11001] getaddrinfo failed)"))
2026-01-01 11:30:26,682 - [INFO] - [INFO] [NEWS] Downloading Economic Calendar...
2026-01-01 11:30:28,080 - [INFO] - [INFO] [NEWS] Calendar Updated: Found 2 High-Impact USD Events.
2026-01-01 11:51:25,634 - [INFO] - [INFO] [NEWS] Downloading Economic Calendar...
2026-01-01 11:51:26,820 - [INFO] - [INFO] [NEWS] Calendar Updated: Found 2 High-Impact USD Events.
2026-01-01 11:53:36,744 - [INFO] - [INFO] [NEWS] Downloading Economic Calendar...
2026-01-01 11:53:38,123 - [INFO] - [INFO] [NEWS] Calendar Updated: Found 2 High-Impact USD Events.
2026-01-01 12:19:15,679 - [INFO] - [RISK] [AUTO] Killed #1386650693: Loss $-986.16
2026-01-01 12:53:39,544 - [INFO] - [INFO] [NEWS] Downloading Economic Calendar...
2026-01-01 12:53:40,724 - [INFO] - [INFO] [NEWS] Calendar Updated: Found 2 High-Impact USD Events.
2026-01-01 13:53:39,550 - [INFO] - [INFO] [NEWS] Downloading Economic Calendar...
2026-01-01 13:53:41,174 - [INFO] - [INFO] [NEWS] Calendar Updated: Found 2 High-Impact USD Events.
2026-01-01 14:31:10,051 - [INFO] - [RISK] [AUTO] Killed #1386668357: Loss $-982.50
2026-01-01 14:51:54,965 - [INFO] - [RISK] [AUTO] Killed #1386696769: Loss $-1002.75
2026-01-01 14:53:39,817 - [INFO] - [INFO] [NEWS] Downloading Economic Calendar...
2026-01-01 14:53:41,454 - [INFO] - [INFO] [NEWS] Calendar Updated: Found 2 High-Impact USD Events.
2026-01-01 15:06:26,577 - [INFO] - [RISK] [AUTO] Killed #1386704324: Loss $-996.30
2026-01-01 15:07:21,549 - [INFO] - [RISK] [AUTO] Killed #1386704324: Loss $-1145.10
2026-01-01 15:17:59,937 - [INFO] - [INFO] [NEWS] Downloading Economic Calendar...
2026-01-01 15:18:02,293 - [INFO] - [INFO] [NEWS] Calendar Updated: Found 2 High-Impact USD Events.
2026-01-01 16:18:01,016 - [INFO] - [INFO] [NEWS] Downloading Economic Calendar...
2026-01-01 16:18:02,807 - [INFO] - [INFO] [NEWS] Calendar Updated: Found 2 High-Impact USD Events.
2026-01-01 17:18:03,988 - [INFO] - [INFO] [NEWS] Downloading Economic Calendar...
2026-01-01 17:18:06,183 - [INFO] - [INFO] [NEWS] Calendar Updated: Found 2 High-Impact USD Events.
2026-01-01 18:18:05,466 - [INFO] - [INFO] [NEWS] Downloading Economic Calendar...
2026-01-01 18:18:07,524 - [INFO] - [INFO] [NEWS] Calendar Updated: Found 2 High-Impact USD Events.
2026-01-01 19:18:06,239 - [INFO] - [INFO] [NEWS] Downloading Economic Calendar...
2026-01-01 19:18:07,629 - [INFO] - [INFO] [NEWS] Calendar Updated: Found 2 High-Impact USD Events.
2026-01-01 20:18:06,960 - [INFO] - [INFO] [NEWS] Downloading Economic Calendar...
2026-01-01 20:18:09,979 - [INFO] - [INFO] [NEWS] Calendar Updated: Found 2 High-Impact USD Events.
2026-01-01 20:21:15,460 - [INFO] - [RISK] [AUTO] Killed #1386829381: Loss $-1035.80
2026-01-01 21:18:07,858 - [INFO] - [INFO] [NEWS] Downloading Economic Calendar...
2026-01-01 21:18:09,907 - [INFO] - [INFO] [NEWS] Calendar Updated: Found 2 High-Impact USD Events.
2026-01-01 22:18:08,621 - [INFO] - [INFO] [NEWS] Downloading Economic Calendar...
2026-01-01 22:18:10,387 - [INFO] - [INFO] [NEWS] Calendar Updated: Found 2 High-Impact USD Events.
2026-01-01 23:41:24,255 - [INFO] - [INFO] [NEWS] Downloading Economic Calendar...
2026-01-01 23:41:26,858 - [INFO] - [ERROR] [NEWS] Calendar Error: HTTPSConnectionPool(host='nfs.faireconomy.media', port=443): Max retries exceeded with url: /ff_calendar_thisweek.csv (Caused by NameResolutionError("HTTPSConnection(host='nfs.faireconomy.media', port=443): Failed to resolve 'nfs.faireconomy.media' ([Errno 11001] getaddrinfo failed)"))
2026-01-01 23:46:25,580 - [INFO] - [INFO] [NEWS] Downloading Economic Calendar...
2026-01-01 23:46:27,083 - [INFO] - [INFO] [NEWS] Calendar Updated: Found 2 High-Impact USD Events.
2026-01-02 00:46:27,356 - [INFO] - [INFO] [NEWS] Downloading Economic Calendar...
2026-01-02 00:46:28,926 - [INFO] - [INFO] [NEWS] Calendar Updated: Found 2 High-Impact USD Events.
2026-01-02 01:46:27,533 - [INFO] - [INFO] [NEWS] Downloading Economic Calendar...
2026-01-02 01:46:29,148 - [INFO] - [INFO] [NEWS] Calendar Updated: Found 2 High-Impact USD Events.
2026-01-02 02:31:05,176 - [INFO] - [INFO] [NEWS] Downloading Economic Calendar...
2026-01-02 02:31:07,146 - [INFO] - [INFO] [NEWS] Calendar Updated: Found 2 High-Impact USD Events.
2026-01-02 02:39:00,503 - [INFO] - [INFO] [NEWS] Downloading Economic Calendar...
2026-01-02 02:39:03,887 - [INFO] - [INFO] [NEWS] Calendar Updated: Found 2 High-Impact USD Events.
2026-01-02 02:45:34,821 - [INFO] - [INFO] [NEWS] Downloading Economic Calendar...
2026-01-02 02:45:38,370 - [INFO] - [INFO] [NEWS] Calendar Updated: Found 2 High-Impact USD Events.
2026-01-02 03:45:36,471 - [INFO] - [INFO] [NEWS] Downloading Economic Calendar...
2026-01-02 03:45:37,723 - [INFO] - [INFO] [NEWS] Calendar Updated: Found 2 High-Impact USD Events.
2026-01-02 04:45:38,266 - [INFO] - [INFO] [NEWS] Downloading Economic Calendar...
2026-01-02 04:45:39,690 - [INFO] - [INFO] [NEWS] Calendar Updated: Found 2 High-Impact USD Events.
2026-01-02 05:45:39,316 - [INFO] - [INFO] [NEWS] Downloading Economic Calendar...
2026-01-02 05:45:40,764 - [INFO] - [INFO] [NEWS] Calendar Updated: Found 2 High-Impact USD Events.
2026-01-02 06:45:41,296 - [INFO] - [INFO] [NEWS] Downloading Economic Calendar...
2026-01-02 06:45:42,478 - [INFO] - [INFO] [NEWS] Calendar Updated: Found 2 High-Impact USD Events.
2026-01-02 07:45:44,225 - [INFO] - [INFO] [NEWS] Downloading Economic Calendar...
2026-01-02 07:45:45,920 - [INFO] - [INFO] [NEWS] Calendar Updated: Found 2 High-Impact USD Events.
2026-01-02 08:45:46,472 - [INFO] - [INFO] [NEWS] Downloading Economic Calendar...
2026-01-02 08:45:47,636 - [INFO] - [INFO] [NEWS] Calendar Updated: Found 2 High-Impact USD Events.
2026-01-02 09:45:47,239 - [INFO] - [INFO] [NEWS] Downloading Economic Calendar...
2026-01-02 09:45:48,303 - [INFO] - [INFO] [NEWS] Calendar Updated: Found 2 High-Impact USD Events.
2026-01-02 10:45:47,997 - [INFO] - [INFO] [NEWS] Downloading Economic Calendar...
2026-01-02 10:45:49,525 - [INFO] - [INFO] [NEWS] Calendar Updated: Found 2 High-Impact USD Events.
2026-01-02 11:36:57,478 - [INFO] - [INFO] [NEWS] Downloading Economic Calendar...
2026-01-02 11:36:58,579 - [INFO] - [INFO] [NEWS] Calendar Updated: Found 2 High-Impact USD Events.
2026-01-02 11:41:01,737 - [INFO] - [INFO] [NEWS] Downloading Economic Calendar...
2026-01-02 11:41:01,850 - [INFO] - [ERROR] [NEWS] Calendar Error: HTTPSConnectionPool(host='nfs.faireconomy.media', port=443): Max retries exceeded with url: /ff_calendar_thisweek.csv (Caused by NameResolutionError("HTTPSConnection(host='nfs.faireconomy.media', port=443): Failed to resolve 'nfs.faireconomy.media' ([Errno 11001] getaddrinfo failed)"))
2026-01-02 11:46:01,923 - [INFO] - [INFO] [NEWS] Downloading Economic Calendar...
2026-01-02 11:46:03,279 - [INFO] - [INFO] [NEWS] Calendar Updated: Found 2 High-Impact USD Events.
2026-01-02 11:50:54,670 - [INFO] - [INFO] [NEWS] Downloading Economic Calendar...
2026-01-02 11:50:56,129 - [INFO] - [INFO] [NEWS] Calendar Updated: Found 2 High-Impact USD Events.
2026-01-02 12:04:20,851 - [INFO] - [INFO] [NEWS] Downloading Economic Calendar...
2026-01-02 12:04:22,303 - [INFO] - [INFO] [NEWS] Calendar Updated: Found 2 High-Impact USD Events.
2026-01-02 12:09:03,261 - [INFO] - [INFO] [NEWS] Downloading Economic Calendar...
2026-01-02 12:09:04,289 - [INFO] - [INFO] [NEWS] Calendar Updated: Found 2 High-Impact USD Events.
2026-01-02 12:17:51,257 - [INFO] - [INFO] [NEWS] Downloading Economic Calendar...
2026-01-02 12:17:52,351 - [INFO] - [INFO] [NEWS] Calendar Updated: Found 2 High-Impact USD Events.
2026-01-02 12:30:48,194 - [INFO] - [INFO] [NEWS] Downloading Economic Calendar...
2026-01-02 12:30:49,161 - [INFO] - [INFO] [NEWS] Calendar Updated: Found 2 High-Impact USD Events.
2026-01-02 12:34:34,464 - [INFO] - [INFO] [NEWS] Downloading Economic Calendar...
2026-01-02 12:34:36,110 - [INFO] - [INFO] [NEWS] Calendar Updated: Found 2 High-Impact USD Events.
2026-01-02 12:45:53,128 - [INFO] - [INFO] [NEWS] Downloading Economic Calendar...
2026-01-02 12:45:55,278 - [INFO] - [INFO] [NEWS] Calendar Updated: Found 2 High-Impact USD Events.
2026-01-02 12:46:13,438 - [INFO] - [INFO] [NEWS] Downloading Economic Calendar...
2026-01-02 12:46:14,303 - [INFO] - [INFO] [NEWS] Calendar Updated: Found 2 High-Impact USD Events.
2026-01-02 12:48:21,293 - [INFO] - [INFO] [NEWS] Downloading Economic Calendar...
2026-01-02 12:48:22,197 - [INFO] - [WARN] [NEWS] Calendar Download Failed (Status: 429)
2026-01-02 12:53:24,368 - [INFO] - [INFO] [NEWS] Downloading Economic Calendar...
2026-01-02 12:53:25,790 - [INFO] - [INFO] [NEWS] Calendar Updated: Found 2 High-Impact USD Events.
2026-01-02 13:14:48,211 - [INFO] - [INFO] [NEWS] Downloading Economic Calendar...
2026-01-02 13:14:49,723 - [INFO] - [INFO] [NEWS] Calendar Updated: Found 2 High-Impact USD Events.
2026-01-02 13:58:49,332 - [INFO] - [INFO] [NEWS] Downloading Economic Calendar...
2026-01-02 13:58:50,497 - [INFO] - [INFO] [NEWS] Calendar Updated: Found 2 High-Impact USD Events.
2026-01-02 14:01:28,951 - [INFO] - [INFO] [NEWS] Downloading Economic Calendar...
2026-01-02 14:01:30,299 - [INFO] - [INFO] [NEWS] Calendar Updated: Found 2 High-Impact USD Events.
2026-01-02 14:11:53,950 - [INFO] - [INFO] [NEWS] Downloading Economic Calendar...
2026-01-02 14:11:55,369 - [INFO] - [INFO] [NEWS] Calendar Updated: Found 2 High-Impact USD Events.
2026-01-02 14:20:11,684 - [INFO] - [INFO] [NEWS] Downloading Economic Calendar...
2026-01-02 14:20:22,564 - [INFO] - [ERROR] [NEWS] Calendar Error: HTTPSConnectionPool(host='nfs.faireconomy.media', port=443): Read timed out. (read timeout=10)
2026-01-02 14:23:43,327 - [INFO] - [INFO] [NEWS] Downloading Economic Calendar...
2026-01-02 14:23:44,400 - [INFO] - [INFO] [NEWS] Calendar Updated: Found 2 High-Impact USD Events.
2026-01-02 14:30:33,312 - [INFO] - [INFO] [NEWS] Downloading Economic Calendar...
2026-01-02 14:30:34,299 - [INFO] - [INFO] [NEWS] Calendar Updated: Found 2 High-Impact USD Events.
2026-01-02 15:33:13,444 - [INFO] - [INFO] [NEWS] Downloading Economic Calendar...
2026-01-02 15:33:15,199 - [INFO] - [INFO] [NEWS] Calendar Updated: Found 2 High-Impact USD Events.
2026-01-02 15:40:28,705 - [INFO] - [INFO] [NEWS] Downloading Economic Calendar...
2026-01-02 15:40:29,904 - [INFO] - [INFO] [NEWS] Calendar Updated: Found 2 High-Impact USD Events.
2026-01-02 16:40:28,812 - [INFO] - [INFO] [NEWS] Downloading Economic Calendar...
2026-01-02 16:40:30,024 - [INFO] - [INFO] [NEWS] Calendar Updated: Found 2 High-Impact USD Events.
2026-01-02 17:40:30,904 - [INFO] - [INFO] [NEWS] Downloading Economic Calendar...
2026-01-02 17:40:32,090 - [INFO] - [INFO] [NEWS] Calendar Updated: Found 2 High-Impact USD Events.
2026-01-02 18:23:44,787 - [INFO] - [RISK] [AUTO] Killed #1389490153: Loss $-970.19
2026-01-02 18:40:31,324 - [INFO] - [INFO] [NEWS] Downloading Economic Calendar...
2026-01-02 18:40:32,434 - [INFO] - [INFO] [NEWS] Calendar Updated: Found 2 High-Impact USD Events.
2026-01-02 22:33:20,764 - [INFO] - [INFO] [NEWS] Downloading Economic Calendar...
2026-01-02 22:33:27,391 - [INFO] - [INFO] [NEWS] Calendar Updated: Found 2 High-Impact USD Events.
2026-01-03 06:31:09,531 - [INFO] - [INFO] [NEWS] Downloading Economic Calendar...
2026-01-03 06:31:20,134 - [INFO] - [ERROR] [NEWS] Calendar Error: HTTPSConnectionPool(host='nfs.faireconomy.media', port=443): Max retries exceeded with url: /ff_calendar_thisweek.csv (Caused by NameResolutionError("HTTPSConnection(host='nfs.faireconomy.media', port=443): Failed to resolve 'nfs.faireconomy.media' ([Errno 11001] getaddrinfo failed)"))
2026-01-03 06:36:09,542 - [INFO] - [INFO] [NEWS] Downloading Economic Calendar...
2026-01-03 06:36:10,837 - [INFO] - [INFO] [NEWS] Calendar Updated: Found 2 High-Impact USD Events.
2026-01-03 07:36:10,503 - [INFO] - [INFO] [NEWS] Downloading Economic Calendar...
2026-01-03 07:36:11,610 - [INFO] - [INFO] [NEWS] Calendar Updated: Found 2 High-Impact USD Events.
2026-01-03 08:32:30,436 - [INFO] - [INFO] [NEWS] Downloading Economic Calendar...
2026-01-03 08:32:32,867 - [INFO] - [INFO] [NEWS] Calendar Updated: Found 2 High-Impact USD Events.
2026-01-03 09:19:28,133 - [INFO] - [INFO] [NEWS] Downloading Economic Calendar...
2026-01-03 09:19:29,689 - [INFO] - [INFO] [NEWS] Calendar Updated: Found 2 USD Events.
2026-01-03 09:21:20,653 - [INFO] - [INFO] [NEWS] Downloading Economic Calendar...
2026-01-03 09:21:21,768 - [INFO] - [INFO] [NEWS] Calendar Updated: Found 2 USD Events.
2026-01-03 09:36:27,968 - [INFO] - [INFO] [NEWS] Downloading Economic Calendar...
2026-01-03 09:36:29,092 - [INFO] - [INFO] [NEWS] Calendar Updated: Found 2 USD Events.
2026-01-03 09:38:51,554 - [INFO] - [INFO] [NEWS] Downloading Economic Calendar...
2026-01-03 09:38:52,677 - [INFO] - [INFO] [NEWS] Calendar Updated: Found 2 USD Events.
2026-01-03 10:02:20,970 - [INFO] - [INFO] [NEWS] Downloading Economic Calendar...
2026-01-03 10:02:22,752 - [INFO] - [INFO] [NEWS] Calendar Updated: Found 2 USD Events.
2026-01-03 10:06:00,387 - [INFO] - [INFO] [NEWS] Downloading Economic Calendar...
2026-01-03 10:06:01,526 - [INFO] - [INFO] [NEWS] Calendar Updated: Found 2 USD Events.
2026-01-03 10:29:51,156 - [INFO] - [INFO] [NEWS] Downloading Economic Calendar...
2026-01-03 10:29:52,800 - [INFO] - [INFO] [NEWS] Calendar Updated: Found 2 USD Events.
2026-01-03 10:47:57,929 - [INFO] - [INFO] [NEWS] Downloading Economic Calendar...
2026-01-03 10:47:59,081 - [INFO] - [INFO] [NEWS] Calendar Updated: Found 2 USD Events.
2026-01-03 11:09:04,513 - [INFO] - [INFO] [NEWS] Downloading Economic Calendar...
2026-01-03 11:09:06,209 - [INFO] - [INFO] [NEWS] Calendar Updated: Found 2 USD Events.
2026-01-03 12:08:18,938 - [INFO] - [INFO] [NEWS] Downloading Economic Calendar...
2026-01-03 12:08:20,947 - [INFO] - [INFO] [NEWS] Calendar Updated: Found 2 USD Events.
2026-01-03 16:55:20,863 - [INFO] - [INFO] [NEWS] Downloading Economic Calendar...
2026-01-03 16:55:32,560 - [INFO] - [ERROR] [NEWS] Calendar Error: HTTPSConnectionPool(host='nfs.faireconomy.media', port=443): Max retries exceeded with url: /ff_calendar_thisweek.csv (Caused by NameResolutionError("HTTPSConnection(host='nfs.faireconomy.media', port=443): Failed to resolve 'nfs.faireconomy.media' ([Errno 11001] getaddrinfo failed)"))
2026-01-03 17:55:21,282 - [INFO] - [INFO] [NEWS] Downloading Economic Calendar...
2026-01-03 17:55:22,924 - [INFO] - [INFO] [NEWS] Calendar Updated: Found 2 USD Events.
2026-01-03 18:06:58,948 - [INFO] - [INFO] [NEWS] Downloading Economic Calendar...
2026-01-03 18:07:00,566 - [INFO] - [INFO] [NEWS] Calendar Updated: Found 2 USD Events.
2026-01-03 18:25:52,766 - [INFO] - [INFO] [NEWS] Downloading Economic Calendar...
2026-01-03 18:25:54,709 - [INFO] - [INFO] [NEWS] Calendar Sync Success. 2 High Impact USD events loaded.
2026-01-03 18:47:01,429 - [INFO] - [INFO] [NEWS] Downloading Economic Calendar...
2026-01-03 18:47:17,529 - [INFO] - [INFO] [NEWS] Calendar Sync Success. 2 High Impact USD events loaded.
2026-01-03 19:05:42,624 - [INFO] - [INFO] [NEWS] Downloading Economic Calendar...
2026-01-03 19:05:43,838 - [INFO] - [INFO] [NEWS] Calendar Sync Success. 2 High Impact USD events loaded.
2026-01-03 20:30:25,954 - [INFO] - [INFO] [NEWS] Downloading Economic Calendar...
2026-01-03 20:30:32,166 - [INFO] - [INFO] [NEWS] Calendar Sync Success. 2 High Impact USD events loaded.
2026-01-03 21:30:26,229 - [INFO] - [INFO] [NEWS] Downloading Economic Calendar...
2026-01-03 21:30:29,564 - [INFO] - [INFO] [NEWS] Calendar Sync Success. 2 High Impact USD events loaded.
2026-01-03 22:00:33,279 - [INFO] - [ERROR] [CORE] System Exit: RiskManager.calculate_lot_size() got an unexpected keyword argument 'bias'
2026-01-03 22:41:20,516 - [INFO] - [INFO] [NEWS] Downloading Economic Calendar...
2026-01-03 22:41:21,724 - [INFO] - [INFO] [NEWS] Calendar Sync Success. 2 High Impact USD events loaded.
2026-01-03 23:41:21,777 - [INFO] - [INFO] [NEWS] Downloading Economic Calendar...
2026-01-03 23:41:23,737 - [INFO] - [INFO] [NEWS] Calendar Sync Success. 2 High Impact USD events loaded.
2026-01-04 01:06:54,188 - [INFO] - [INFO] [NEWS] Downloading Economic Calendar...
2026-01-04 01:07:05,205 - [INFO] - [INFO] [NEWS] Calendar Sync Success. 2 High Impact USD events loaded.
2026-01-04 02:05:26,326 - [INFO] - [INFO] [NEWS] Downloading Economic Calendar...
2026-01-04 02:05:27,567 - [INFO] - [INFO] [NEWS] Calendar Sync Success. 2 High Impact USD events loaded.
2026-01-04 03:05:28,767 - [INFO] - [INFO] [NEWS] Downloading Economic Calendar...
2026-01-04 03:05:30,652 - [INFO] - [INFO] [NEWS] Calendar Sync Success. 2 High Impact USD events loaded.
2026-01-04 03:40:07,835 - [INFO] - [INFO] [NEWS] Downloading Economic Calendar...
2026-01-04 03:40:09,856 - [INFO] - [INFO] [NEWS] Calendar Sync Success. 2 High Impact USD events loaded.
2026-01-04 08:18:15,439 - [INFO] - [INFO] [NEWS] Downloading Economic Calendar...
2026-01-04 08:18:17,166 - [INFO] - [INFO] [NEWS] Calendar Sync Success. 2 High Impact USD events loaded.
2026-01-04 08:18:46,499 - [INFO] - [ERROR] [CORE] System Exit: table active_orders has no column named comment
2026-01-04 09:13:21,920 - [INFO] - [INFO] [NEWS] Downloading Economic Calendar...
2026-01-04 09:13:26,351 - [INFO] - [INFO] [NEWS] Calendar Sync Success. 10 High Impact USD events loaded.
2026-01-04 09:16:55,997 - [INFO] - [INFO] [NEWS] Downloading Economic Calendar...
2026-01-04 09:16:57,162 - [INFO] - [INFO] [NEWS] Calendar Sync Success. 10 High Impact USD events loaded.
2026-01-04 09:21:07,494 - [INFO] - [INFO] [NEWS] Downloading Economic Calendar...
2026-01-04 09:21:09,468 - [INFO] - [INFO] [NEWS] Calendar Sync Success. 10 High Impact USD events loaded.
2026-01-04 09:31:42,843 - [INFO] - [INFO] [NEWS] Downloading Economic Calendar...
2026-01-04 09:31:45,087 - [INFO] - [INFO] [NEWS] Calendar Sync Success. 10 High Impact USD events loaded.
2026-01-04 09:36:50,763 - [INFO] - [INFO] [NEWS] Downloading Economic Calendar...
2026-01-04 09:36:52,888 - [INFO] - [INFO] [NEWS] Calendar Sync Success. 10 High Impact USD events loaded.
2026-01-04 09:42:05,920 - [INFO] - [INFO] [NEWS] Downloading Economic Calendar...
2026-01-04 09:42:07,538 - [INFO] - [INFO] [NEWS] Calendar Sync Success. 10 High Impact USD events loaded.
2026-01-04 09:55:22,041 - [INFO] - [INFO] [NEWS] Downloading Economic Calendar...
2026-01-04 09:55:22,900 - [INFO] - [INFO] [NEWS] Calendar Sync Success. 10 High Impact USD events loaded.
2026-01-04 09:58:23,025 - [INFO] - [INFO] [NEWS] Downloading Economic Calendar...
2026-01-04 09:58:23,967 - [INFO] - [INFO] [NEWS] Calendar Sync Success. 10 High Impact USD events loaded.
2026-01-04 10:13:19,198 - [INFO] - [INFO] [NEWS] Downloading Economic Calendar...
2026-01-04 10:13:20,251 - [INFO] - [INFO] [NEWS] Calendar Sync Success. 10 High Impact USD events loaded.
2026-01-04 10:21:50,496 - [INFO] - [INFO] [NEWS] Downloading Economic Calendar...
2026-01-04 10:21:52,023 - [INFO] - [INFO] [NEWS] Calendar Sync Success. 10 High Impact USD events loaded.
2026-01-04 10:24:22,764 - [INFO] - [INFO] [NEWS] Downloading Economic Calendar...
2026-01-04 10:24:23,886 - [INFO] - [INFO] [NEWS] Calendar Sync Success. 10 High Impact USD events loaded.
2026-01-04 10:39:58,652 - [INFO] - [ERROR] [CORE] System Exit: 'p'
2026-01-04 10:46:32,749 - [INFO] - [INFO] [NEWS] Downloading Economic Calendar...
2026-01-04 10:46:33,992 - [INFO] - [INFO] [NEWS] Calendar Sync Success. 10 High Impact USD events loaded.
2026-01-04 10:55:55,782 - [INFO] - [INFO] [NEWS] Downloading Economic Calendar...
2026-01-04 10:55:56,941 - [INFO] - [INFO] [NEWS] Calendar Sync Success. 10 High Impact USD events loaded.
2026-01-04 11:08:17,943 - [INFO] - [INFO] [NEWS] Downloading Economic Calendar...
2026-01-04 11:08:19,464 - [INFO] - [INFO] [NEWS] Calendar Sync Success. 10 High Impact USD events loaded.
2026-01-04 11:33:25,388 - [INFO] - [INFO] [NEWS] Downloading Economic Calendar...
2026-01-04 11:33:26,564 - [INFO] - [INFO] [NEWS] Calendar Sync Success. 10 High Impact USD events loaded.
2026-01-04 11:57:43,822 - [INFO] - [INFO] [NEWS] Downloading Economic Calendar...
2026-01-04 11:57:46,187 - [INFO] - [INFO] [NEWS] Calendar Sync Success. 10 High Impact USD events loaded.
2026-01-04 12:57:46,774 - [INFO] - [INFO] [NEWS] Downloading Economic Calendar...
2026-01-04 12:57:48,092 - [INFO] - [INFO] [NEWS] Calendar Sync Success. 10 High Impact USD events loaded.
2026-01-04 13:57:46,800 - [INFO] - [INFO] [NEWS] Downloading Economic Calendar...
2026-01-04 13:57:47,918 - [INFO] - [INFO] [NEWS] Calendar Sync Success. 10 High Impact USD events loaded.
2026-01-04 14:57:46,803 - [INFO] - [INFO] [NEWS] Downloading Economic Calendar...
2026-01-04 14:57:47,994 - [INFO] - [INFO] [NEWS] Calendar Sync Success. 10 High Impact USD events loaded.
2026-01-04 15:37:32,033 - [INFO] - [INFO] [NEWS] Downloading Economic Calendar...
2026-01-04 15:37:34,050 - [INFO] - [INFO] [NEWS] Calendar Sync Success. 10 High Impact USD events loaded.
2026-01-04 16:05:16,168 - [INFO] - [INFO] [NEWS] Downloading Economic Calendar...
2026-01-04 16:05:18,568 - [INFO] - [INFO] [NEWS] Calendar Sync Success. 10 High Impact USD events loaded.
2026-01-04 16:43:00,634 - [INFO] - [INFO] [NEWS] Downloading Economic Calendar...
2026-01-04 16:43:02,283 - [INFO] - [INFO] [NEWS] Calendar Sync Success. 10 High Impact USD events loaded.
2026-01-04 17:43:00,850 - [INFO] - [INFO] [NEWS] Downloading Economic Calendar...
2026-01-04 17:43:03,170 - [INFO] - [INFO] [NEWS] Calendar Sync Success. 10 High Impact USD events loaded.
2026-01-04 18:29:24,530 - [INFO] - [INFO] [NEWS] Syncing Economic Calendar...
2026-01-04 18:29:26,642 - [INFO] - [INFO] [NEWS] Sync Success. 10 High Impact USD events loaded.
2026-01-04 18:35:37,010 - [INFO] - [INFO] [NEWS] Syncing Economic Calendar...
2026-01-04 18:35:38,892 - [INFO] - [INFO] [NEWS] Sync Success. 10 High Impact USD events loaded.
2026-01-04 18:52:59,614 - [INFO] - [INFO] [NEWS] Syncing Economic Calendar...
2026-01-04 18:53:00,785 - [INFO] - [INFO] [NEWS] Sync Success. 10 High Impact USD events loaded.
2026-01-04 19:00:16,910 - [INFO] - [INFO] [NEWS] Syncing Economic Calendar...
2026-01-04 19:00:18,785 - [INFO] - [INFO] [NEWS] Sync Success. 10 High Impact USD events loaded.
2026-01-04 19:03:38,511 - [INFO] - [INFO] [NEWS] Syncing Economic Calendar...
2026-01-04 19:03:40,067 - [INFO] - [INFO] [NEWS] Sync Success. 10 High Impact USD events loaded.
2026-01-04 19:14:19,708 - [INFO] - [INFO] [NEWS] Syncing Economic Calendar...
2026-01-04 19:14:21,076 - [INFO] - [INFO] [NEWS] Sync Success. 10 High Impact USD events loaded.
2026-01-04 19:29:50,422 - [INFO] - [INFO] [NEWS] Syncing Economic Calendar...
2026-01-04 19:29:51,865 - [INFO] - [INFO] [NEWS] Sync Success. 10 High Impact USD events loaded.
2026-01-04 19:36:46,478 - [INFO] - [INFO] [NEWS] Syncing Economic Calendar...
2026-01-04 19:36:47,384 - [INFO] - [INFO] [NEWS] Sync Success. 10 High Impact USD events loaded.
2026-01-04 19:44:51,582 - [INFO] - [INFO] [NEWS] Syncing Economic Calendar...
2026-01-04 19:44:53,420 - [INFO] - [INFO] [NEWS] Sync Success. 10 High Impact USD events loaded.
2026-01-05 01:37:41,026 - [INFO] - [INFO] [NEWS] Syncing Economic Calendar...
2026-01-05 01:37:42,445 - [INFO] - [INFO] [NEWS] Sync Success. 10 High Impact USD events loaded.
2026-01-05 01:51:08,710 - [INFO] - [ERROR] [CORE] System Exit: list index out of range
